   Compiling find-msvc-tools v0.1.11
   Compiling windows_i686_msvc v0.52.6
   Compiling smallvec v1.15.2
   Compiling syn v3.0.3
   Compiling windows-sys v0.61.2
   Compiling powerfmt v0.2.0
   Compiling time-core v0.1.7
   Compiling num-conv v0.1.0
   Compiling deranged v0.5.8
   Compiling log v0.4.33
   Compiling base64 v0.22.1
   Compiling stats_alloc v0.1.10
   Compiling windows-targets v0.52.6
   Compiling cc v1.4.3
   Compiling windows-sys v0.59.0
   Compiling pem v3.0.6
   Compiling time v0.3.45
   Compiling ring v0.17.14
   Compiling mio v1.0.4
   Compiling yasna v0.5.2
   Compiling zerovec-derive v0.11.5
   Compiling displaydoc v0.2.7
   Compiling zerotrie v0.2.5
   Compiling rustls v0.23.45
   Compiling zerovec v0.11.8
   Compiling tinystr v0.8.4
   Compiling potential_utf v0.1.6
   Compiling icu_collections v2.1.1
   Compiling icu_locale_core v2.1.1
   Compiling rustls-webpki v0.103.14
   Compiling rcgen v0.13.2
   Compiling icu_provider v2.1.1
   Compiling nbreq-winpoll v0.1.1
   Compiling socket2 v0.6.5
   Compiling icu_normalizer v2.1.1
   Compiling icu_properties v2.1.2
   Compiling idna_adapter v1.2.1
   Compiling idna v1.1.0
   Compiling url v2.5.8
   Compiling rustls-platform-verifier v0.7.0
   Compiling nbreq v0.2.0 (C:\Users\andre\AppData\Local\Temp\nbreq-020-registry-p08zjmyf\nbreq-0.2.0)
    Finished `dev` profile [unoptimized + debuginfo] target(s) in 58.01s
