    Checking stable_deref_trait v1.2.1
    Checking litemap v0.8.3
    Checking writeable v0.6.4
    Checking cfg-if v1.0.4
    Checking icu_normalizer_data v2.1.1
    Checking icu_properties_data v2.1.2
    Checking zerofrom v0.1.8
    Checking windows-link v0.2.1
    Checking smallvec v1.16.1
    Checking untrusted v0.9.0
    Checking getrandom v0.2.17
    Checking zeroize v1.9.0
    Checking windows-sys v0.61.2
    Checking yoke v0.8.3
    Checking utf8_iter v1.0.4
    Checking once_cell v1.21.4
    Checking log v0.4.34
    Checking ring v0.17.14
    Checking percent-encoding v2.3.2
    Checking rustls-pki-types v1.15.1
    Checking subtle v2.6.1
    Checking zerovec v0.11.8
    Checking zerotrie v0.2.5
    Checking form_urlencoded v1.2.2
    Checking httparse v1.10.1
    Checking getrandom v0.3.4
    Checking tinystr v0.8.4
    Checking potential_utf v0.1.6
    Checking icu_collections v2.1.1
    Checking icu_locale_core v2.1.1
    Checking rustls-webpki v0.103.15
    Checking icu_provider v2.1.1
    Checking rustls v0.23.45
    Checking icu_normalizer v2.1.1
    Checking icu_properties v2.1.2
    Checking idna_adapter v1.2.1
    Checking idna v1.1.0
    Checking url v2.5.8
    Checking mio v1.2.3
    Checking nbreq-winpoll v0.1.1
    Checking rustls-platform-verifier v0.7.0
    Checking nbreq v0.2.0
    Checking nbreq-release-consumer v0.0.0 (C:\Users\andre\AppData\Local\Temp\nbreq-020-registry-p08zjmyf\stable-i686-pc-windows-msvc-fresh)
error[E0432]: unresolved import `nbreq::Resolver`
  --> probes\resolver.rs:1:5
   |
 1 | use nbreq::Resolver as _;
   |     ^^^^^^^^^^^^^^^^^^^^ no `Resolver` in the root
   |
note: found an item that was configured out
  --> C:\Users\andre\.cargo\registry\src\index.crates.io-1949cf8c6b5b557f\nbreq-0.2.0\src\lib.rs:76:22
   |
72 | #[cfg(feature = "resolver")]
   |       -------------------- the item is gated behind the `resolver` feature
...
76 |     ResolvedAddress, Resolver,
   |                      ^^^^^^^^

For more information about this error, try `rustc --explain E0432`.
error: could not compile `nbreq-release-consumer` (bin "resolver_probe") due to 1 previous error
